/Users/darya_botova/Library/Python/3.9/lib/python/site-packages/urllib3/__init__.py:35: NotOpenSSLWarning: urllib3 v2 only supports OpenSSL 1.1.1+, currently the 'ssl' module is compiled with 'LibreSSL 2.8.3'. See: https://github.com/urllib3/urllib3/issues/3020
  warnings.warn(
Найдено объектов: hotels=155, kvartira=57
Обновлены отели: 10/155
Обновлены отели: 20/155
Обновлены отели: 30/155
Обновлены отели: 40/155
Обновлены отели: 50/155
Обновлены отели: 60/155
Обновлены отели: 70/155
Обновлены отели: 80/155
Обновлены отели: 90/155
Обновлены отели: 100/155
Обновлены отели: 110/155
Обновлены отели: 120/155
Server sent a very old message with ID 7639832155966737409, ignoring (see FAQ for details)
Server sent a very old message with ID 7639832159518626817, ignoring (see FAQ for details)
Server sent a very old message with ID 7639832166790107137, ignoring (see FAQ for details)
Server sent a very old message with ID 7639832177002923009, ignoring (see FAQ for details)
Server sent a very old message with ID 7639832180106089473, ignoring (see FAQ for details)
Server sent a very old message with ID 7639832180577160193, ignoring (see FAQ for details)
Server sent a very old message with ID 7639832228369574913, ignoring (see FAQ for details)
Server sent a very old message with ID 7639832232639374337, ignoring (see FAQ for details)
Server sent a very old message with ID 7639832237386838017, ignoring (see FAQ for details)
Server sent a very old message with ID 7639832250393776129, ignoring (see FAQ for details)
Security error while unpacking a received message: Too many messages had to be ignored consecutively
Server sent a very old message with ID 7639832258460724225, ignoring (see FAQ for details)
Security error while unpacking a received message: Too many messages had to be ignored consecutively
Server sent a very old message with ID 7639832268059229185, ignoring (see FAQ for details)
Security error while unpacking a received message: Too many messages had to be ignored consecutively
Server sent a very old message with ID 7639832285798639617, ignoring (see FAQ for details)
Security error while unpacking a received message: Too many messages had to be ignored consecutively
Server sent a very old message with ID 7639832287379714049, ignoring (see FAQ for details)
Security error while unpacking a received message: Too many messages had to be ignored consecutively
Server sent a very old message with ID 7639832288371458049, ignoring (see FAQ for details)
Security error while unpacking a received message: Too many messages had to be ignored consecutively
Server sent a very old message with ID 7639832289587445761, ignoring (see FAQ for details)
Security error while unpacking a received message: Too many messages had to be ignored consecutively
Server sent a very old message with ID 7639832292854561793, ignoring (see FAQ for details)
Security error while unpacking a received message: Too many messages had to be ignored consecutively
Server sent a very old message with ID 7639832294104808449, ignoring (see FAQ for details)
Security error while unpacking a received message: Too many messages had to be ignored consecutively
Server sent a very old message with ID 7639832302189677569, ignoring (see FAQ for details)
Security error while unpacking a received message: Too many messages had to be ignored consecutively
Server sent a very old message with ID 7639832310952392705, ignoring (see FAQ for details)
Security error while unpacking a received message: Too many messages had to be ignored consecutively
Server sent a very old message with ID 7639832317076731905, ignoring (see FAQ for details)
Security error while unpacking a received message: Too many messages had to be ignored consecutively
Server sent a very old message with ID 7639832317431988225, ignoring (see FAQ for details)
Security error while unpacking a received message: Too many messages had to be ignored consecutively
Server sent a very old message with ID 7639832320027750401, ignoring (see FAQ for details)
Security error while unpacking a received message: Too many messages had to be ignored consecutively
Server sent a very old message with ID 7639832320429044737, ignoring (see FAQ for details)
Security error while unpacking a received message: Too many messages had to be ignored consecutively
Server sent a very old message with ID 7639832327830098945, ignoring (see FAQ for details)
Security error while unpacking a received message: Too many messages had to be ignored consecutively
Server sent a very old message with ID 7639832336270344193, ignoring (see FAQ for details)
Security error while unpacking a received message: Too many messages had to be ignored consecutively
Server sent a very old message with ID 7639832339090193409, ignoring (see FAQ for details)
Security error while unpacking a received message: Too many messages had to be ignored consecutively
Server sent a very old message with ID 7639832362163676161, ignoring (see FAQ for details)
Security error while unpacking a received message: Too many messages had to be ignored consecutively
Server sent a very old message with ID 7639832363609826305, ignoring (see FAQ for details)
Security error while unpacking a received message: Too many messages had to be ignored consecutively
Server sent a very old message with ID 7639832364168336385, ignoring (see FAQ for details)
Security error while unpacking a received message: Too many messages had to be ignored consecutively
Server sent a very old message with ID 7639832368772166657, ignoring (see FAQ for details)
Security error while unpacking a received message: Too many messages had to be ignored consecutively
Server sent a very old message with ID 7639832371233033217, ignoring (see FAQ for details)
Security error while unpacking a received message: Too many messages had to be ignored consecutively
Server sent a very old message with ID 7639832376096075777, ignoring (see FAQ for details)
Security error while unpacking a received message: Too many messages had to be ignored consecutively
Server sent a very old message with ID 7639832380181921793, ignoring (see FAQ for details)
Security error while unpacking a received message: Too many messages had to be ignored consecutively
Server sent a very old message with ID 7639832388530418689, ignoring (see FAQ for details)
Security error while unpacking a received message: Too many messages had to be ignored consecutively
Server sent a very old message with ID 7639832388660291585, ignoring (see FAQ for details)
Security error while unpacking a received message: Too many messages had to be ignored consecutively
Server sent a very old message with ID 7639832390849784833, ignoring (see FAQ for details)
Security error while unpacking a received message: Too many messages had to be ignored consecutively
Server sent a very old message with ID 7639832393390451713, ignoring (see FAQ for details)
Security error while unpacking a received message: Too many messages had to be ignored consecutively
Server sent a very old message with ID 7639832397191393281, ignoring (see FAQ for details)
Security error while unpacking a received message: Too many messages had to be ignored consecutively
Server sent a very old message with ID 7639832397484286977, ignoring (see FAQ for details)
Security error while unpacking a received message: Too many messages had to be ignored consecutively
Server sent a very old message with ID 7639832402391188481, ignoring (see FAQ for details)
Security error while unpacking a received message: Too many messages had to be ignored consecutively
Server sent a very old message with ID 7639832406706442241, ignoring (see FAQ for details)
Security error while unpacking a received message: Too many messages had to be ignored consecutively
Server sent a very old message with ID 7639832410038834177, ignoring (see FAQ for details)
Security error while unpacking a received message: Too many messages had to be ignored consecutively
Server sent a very old message with ID 7639832410038834181, ignoring (see FAQ for details)
Security error while unpacking a received message: Too many messages had to be ignored consecutively
Server sent a very old message with ID 7639832412204064769, ignoring (see FAQ for details)
Security error while unpacking a received message: Too many messages had to be ignored consecutively
Server sent a very old message with ID 7639832417943916545, ignoring (see FAQ for details)
Security error while unpacking a received message: Too many messages had to be ignored consecutively
Server sent a very old message with ID 7639832418114319361, ignoring (see FAQ for details)
Security error while unpacking a received message: Too many messages had to be ignored consecutively
Server sent a very old message with ID 7639832418849945601, ignoring (see FAQ for details)
Security error while unpacking a received message: Too many messages had to be ignored consecutively
Server sent a very old message with ID 7639832420441892865, ignoring (see FAQ for details)
Security error while unpacking a received message: Too many messages had to be ignored consecutively
Server sent a very old message with ID 7639832421947049985, ignoring (see FAQ for details)
Security error while unpacking a received message: Too many messages had to be ignored consecutively
Server sent a very old message with ID 7639832425551318017, ignoring (see FAQ for details)
Security error while unpacking a received message: Too many messages had to be ignored consecutively
Server sent a very old message with ID 7639832454635145217, ignoring (see FAQ for details)
Security error while unpacking a received message: Too many messages had to be ignored consecutively
Server sent a very old message with ID 7639832461316810753, ignoring (see FAQ for details)
Security error while unpacking a received message: Too many messages had to be ignored consecutively
Server sent a very old message with ID 7639832470012032001, ignoring (see FAQ for details)
Security error while unpacking a received message: Too many messages had to be ignored consecutively
Server sent a very old message with ID 7639832472132182017, ignoring (see FAQ for details)
Security error while unpacking a received message: Too many messages had to be ignored consecutively
Server sent a very old message with ID 7639832503986971649, ignoring (see FAQ for details)
Security error while unpacking a received message: Too many messages had to be ignored consecutively
Server sent a very old message with ID 7639832505102984193, ignoring (see FAQ for details)
Security error while unpacking a received message: Too many messages had to be ignored consecutively
Server sent a very old message with ID 7639832507782448129, ignoring (see FAQ for details)
Security error while unpacking a received message: Too many messages had to be ignored consecutively
Server sent a very old message with ID 7639832510825749505, ignoring (see FAQ for details)
Security error while unpacking a received message: Too many messages had to be ignored consecutively
Server sent a very old message with ID 7639832513907897345, ignoring (see FAQ for details)
Security error while unpacking a received message: Too many messages had to be ignored consecutively
Server sent a very old message with ID 7639832549054189569, ignoring (see FAQ for details)
Security error while unpacking a received message: Too many messages had to be ignored consecutively
Server sent a very old message with ID 7639832552842851329, ignoring (see FAQ for details)
Security error while unpacking a received message: Too many messages had to be ignored consecutively
Server sent a very old message with ID 7639832552842851333, ignoring (see FAQ for details)
Security error while unpacking a received message: Too many messages had to be ignored consecutively
Server sent a very old message with ID 7639832563316602881, ignoring (see FAQ for details)
Security error while unpacking a received message: Too many messages had to be ignored consecutively
Server sent a very old message with ID 7639832567763662849, ignoring (see FAQ for details)
Security error while unpacking a received message: Too many messages had to be ignored consecutively
Server sent a very old message with ID 7639832575119868929, ignoring (see FAQ for details)
Security error while unpacking a received message: Too many messages had to be ignored consecutively
Server sent a very old message with ID 7639832585755921409, ignoring (see FAQ for details)
Security error while unpacking a received message: Too many messages had to be ignored consecutively
Server sent a very old message with ID 7639832588094184449, ignoring (see FAQ for details)
Security error while unpacking a received message: Too many messages had to be ignored consecutively
Server sent a very old message with ID 7639832588501282817, ignoring (see FAQ for details)
Security error while unpacking a received message: Too many messages had to be ignored consecutively
Server sent a very old message with ID 7639832591870326785, ignoring (see FAQ for details)
Security error while unpacking a received message: Too many messages had to be ignored consecutively
Server sent a very old message with ID 7639832595130992641, ignoring (see FAQ for details)
Security error while unpacking a received message: Too many messages had to be ignored consecutively
Server sent a very old message with ID 7639832600101238785, ignoring (see FAQ for details)
Security error while unpacking a received message: Too many messages had to be ignored consecutively
Server sent a very old message with ID 7639832604437379073, ignoring (see FAQ for details)
Security error while unpacking a received message: Too many messages had to be ignored consecutively
Server sent a very old message with ID 7639832608673723393, ignoring (see FAQ for details)
Security error while unpacking a received message: Too many messages had to be ignored consecutively
Server sent a very old message with ID 7639832612227703809, ignoring (see FAQ for details)
Security error while unpacking a received message: Too many messages had to be ignored consecutively
Server sent a very old message with ID 7639832615311408129, ignoring (see FAQ for details)
Security error while unpacking a received message: Too many messages had to be ignored consecutively
Server sent a very old message with ID 7639832634067779585, ignoring (see FAQ for details)
Security error while unpacking a received message: Too many messages had to be ignored consecutively
Server sent a very old message with ID 7639832634067779589, ignoring (see FAQ for details)
Security error while unpacking a received message: Too many messages had to be ignored consecutively
Server sent a very old message with ID 7639832636849914881, ignoring (see FAQ for details)
Security error while unpacking a received message: Too many messages had to be ignored consecutively
Server sent a very old message with ID 7639832638967352321, ignoring (see FAQ for details)
Security error while unpacking a received message: Too many messages had to be ignored consecutively
Server sent a very old message with ID 7639832643782325249, ignoring (see FAQ for details)
Security error while unpacking a received message: Too many messages had to be ignored consecutively
Server sent a very old message with ID 7639832658292654081, ignoring (see FAQ for details)
Security error while unpacking a received message: Too many messages had to be ignored consecutively
Server sent a very old message with ID 7639832658292654085, ignoring (see FAQ for details)
Security error while unpacking a received message: Too many messages had to be ignored consecutively
Server sent a very old message with ID 7639832659117620225, ignoring (see FAQ for details)
Security error while unpacking a received message: Too many messages had to be ignored consecutively
Server sent a very old message with ID 7639832665299319809, ignoring (see FAQ for details)
Security error while unpacking a received message: Too many messages had to be ignored consecutively
Server sent a very old message with ID 7639832669994017793, ignoring (see FAQ for details)
Security error while unpacking a received message: Too many messages had to be ignored consecutively
Server sent a very old message with ID 7639832681345274881, ignoring (see FAQ for details)
Security error while unpacking a received message: Too many messages had to be ignored consecutively
Server sent a very old message with ID 7639832682740319233, ignoring (see FAQ for details)
Security error while unpacking a received message: Too many messages had to be ignored consecutively
Server sent a very old message with ID 7639832684511906817, ignoring (see FAQ for details)
Security error while unpacking a received message: Too many messages had to be ignored consecutively
Server sent a very old message with ID 7639832692838827009, ignoring (see FAQ for details)
Security error while unpacking a received message: Too many messages had to be ignored consecutively
Server sent a very old message with ID 7639832692838827013, ignoring (see FAQ for details)
Security error while unpacking a received message: Too many messages had to be ignored consecutively
Server sent a very old message with ID 7639832698091511809, ignoring (see FAQ for details)
Security error while unpacking a received message: Too many messages had to be ignored consecutively
Server sent a very old message with ID 7639832741920959489, ignoring (see FAQ for details)
Security error while unpacking a received message: Too many messages had to be ignored consecutively
Server sent a very old message with ID 7639832745532023809, ignoring (see FAQ for details)
Security error while unpacking a received message: Too many messages had to be ignored consecutively
Server sent a very old message with ID 7639832754350321665, ignoring (see FAQ for details)
Security error while unpacking a received message: Too many messages had to be ignored consecutively
Server sent a very old message with ID 7639832758719667201, ignoring (see FAQ for details)
Security error while unpacking a received message: Too many messages had to be ignored consecutively
Server sent a very old message with ID 7639832758719667205, ignoring (see FAQ for details)
Security error while unpacking a received message: Too many messages had to be ignored consecutively
Server sent a very old message with ID 7639832763676033025, ignoring (see FAQ for details)
Security error while unpacking a received message: Too many messages had to be ignored consecutively
Server sent a very old message with ID 7639832765559369729, ignoring (see FAQ for details)
Security error while unpacking a received message: Too many messages had to be ignored consecutively
Server sent a very old message with ID 7639832779094945793, ignoring (see FAQ for details)
Security error while unpacking a received message: Too many messages had to be ignored consecutively
Server sent a very old message with ID 7639832781153809409, ignoring (see FAQ for details)
Security error while unpacking a received message: Too many messages had to be ignored consecutively
Server sent a very old message with ID 7639832787511624705, ignoring (see FAQ for details)
Security error while unpacking a received message: Too many messages had to be ignored consecutively
Server sent a very old message with ID 7639832802348627969, ignoring (see FAQ for details)
Security error while unpacking a received message: Too many messages had to be ignored consecutively
Server sent a very old message with ID 7639832802406278145, ignoring (see FAQ for details)
Security error while unpacking a received message: Too many messages had to be ignored consecutively
Server sent a very old message with ID 7639832804854461441, ignoring (see FAQ for details)
Security error while unpacking a received message: Too many messages had to be ignored consecutively
Server sent a very old message with ID 7639832807888701441, ignoring (see FAQ for details)
Security error while unpacking a received message: Too many messages had to be ignored consecutively
Server sent a very old message with ID 7639832813975328769, ignoring (see FAQ for details)
Security error while unpacking a received message: Too many messages had to be ignored consecutively
Server sent a very old message with ID 7639832817844609025, ignoring (see FAQ for details)
Security error while unpacking a received message: Too many messages had to be ignored consecutively
Server sent a very old message with ID 7639832829450193921, ignoring (see FAQ for details)
Security error while unpacking a received message: Too many messages had to be ignored consecutively
Server sent a very old message with ID 7639832830387335169, ignoring (see FAQ for details)
Security error while unpacking a received message: Too many messages had to be ignored consecutively
Server sent a very old message with ID 7639832831160503297, ignoring (see FAQ for details)
Security error while unpacking a received message: Too many messages had to be ignored consecutively
Server sent a very old message with ID 7639832831445373953, ignoring (see FAQ for details)
Security error while unpacking a received message: Too many messages had to be ignored consecutively
Server sent a very old message with ID 7639832846430649345, ignoring (see FAQ for details)
Security error while unpacking a received message: Too many messages had to be ignored consecutively
Server sent a very old message with ID 7639832846430649349, ignoring (see FAQ for details)
Security error while unpacking a received message: Too many messages had to be ignored consecutively
Server sent a very old message with ID 7639832852990184449, ignoring (see FAQ for details)
Security error while unpacking a received message: Too many messages had to be ignored consecutively
Server sent a very old message with ID 7639832873213225985, ignoring (see FAQ for details)
Security error while unpacking a received message: Too many messages had to be ignored consecutively
Server sent a very old message with ID 7639832883612406785, ignoring (see FAQ for details)
Security error while unpacking a received message: Too many messages had to be ignored consecutively
Server sent a very old message with ID 7639832885062412289, ignoring (see FAQ for details)
Security error while unpacking a received message: Too many messages had to be ignored consecutively
Server sent a very old message with ID 7639832885983799297, ignoring (see FAQ for details)
Security error while unpacking a received message: Too many messages had to be ignored consecutively
Server sent a very old message with ID 7639832888260362241, ignoring (see FAQ for details)
Security error while unpacking a received message: Too many messages had to be ignored consecutively
Server sent a very old message with ID 7639832893373330433, ignoring (see FAQ for details)
Security error while unpacking a received message: Too many messages had to be ignored consecutively
Server sent a very old message with ID 7639832894834368513, ignoring (see FAQ for details)
Security error while unpacking a received message: Too many messages had to be ignored consecutively
Server sent a very old message with ID 7639832898719097857, ignoring (see FAQ for details)
Security error while unpacking a received message: Too many messages had to be ignored consecutively
Server sent a very old message with ID 7639832922148808705, ignoring (see FAQ for details)
Security error while unpacking a received message: Too many messages had to be ignored consecutively
Server sent a very old message with ID 7639832938722181121, ignoring (see FAQ for details)
Security error while unpacking a received message: Too many messages had to be ignored consecutively
Server sent a very old message with ID 7639832939333490689, ignoring (see FAQ for details)
Security error while unpacking a received message: Too many messages had to be ignored consecutively
Server sent a very old message with ID 7639832946913125377, ignoring (see FAQ for details)
Security error while unpacking a received message: Too many messages had to be ignored consecutively
Server sent a very old message with ID 7639832957586789377, ignoring (see FAQ for details)
Security error while unpacking a received message: Too many messages had to be ignored consecutively
Server sent a very old message with ID 7639832959192260609, ignoring (see FAQ for details)
Security error while unpacking a received message: Too many messages had to be ignored consecutively
Server sent a very old message with ID 7639832961098601473, ignoring (see FAQ for details)
Security error while unpacking a received message: Too many messages had to be ignored consecutively
Server sent a very old message with ID 7639832968925483009, ignoring (see FAQ for details)
Security error while unpacking a received message: Too many messages had to be ignored consecutively
Server sent a very old message with ID 7639832985711481857, ignoring (see FAQ for details)
Security error while unpacking a received message: Too many messages had to be ignored consecutively
Server sent a very old message with ID 7639832985711481861, ignoring (see FAQ for details)
Security error while unpacking a received message: Too many messages had to be ignored consecutively
Server sent a very old message with ID 7639833001008471049, ignoring (see FAQ for details)
Security error while unpacking a received message: Too many messages had to be ignored consecutively
Server sent a very old message with ID 7639833001008471041, ignoring (see FAQ for details)
Security error while unpacking a received message: Too many messages had to be ignored consecutively
Server sent a very old message with ID 7639833001008471045, ignoring (see FAQ for details)
Security error while unpacking a received message: Too many messages had to be ignored consecutively
Server sent a very old message with ID 7639833001056882689, ignoring (see FAQ for details)
Security error while unpacking a received message: Too many messages had to be ignored consecutively
Server sent a very old message with ID 7639833020117531649, ignoring (see FAQ for details)
Security error while unpacking a received message: Too many messages had to be ignored consecutively
Server sent a very old message with ID 7639833023558372353, ignoring (see FAQ for details)
Security error while unpacking a received message: Too many messages had to be ignored consecutively
Server sent a very old message with ID 7639833028014268417, ignoring (see FAQ for details)
Security error while unpacking a received message: Too many messages had to be ignored consecutively
Server sent a very old message with ID 7639833030836385793, ignoring (see FAQ for details)
Security error while unpacking a received message: Too many messages had to be ignored consecutively
Server sent a very old message with ID 7639833033893473281, ignoring (see FAQ for details)
Security error while unpacking a received message: Too many messages had to be ignored consecutively
Server sent a very old message with ID 7639833035821740033, ignoring (see FAQ for details)
Security error while unpacking a received message: Too many messages had to be ignored consecutively
Server sent a very old message with ID 7639833052382574593, ignoring (see FAQ for details)
Security error while unpacking a received message: Too many messages had to be ignored consecutively
Server sent a very old message with ID 7639833063415005185, ignoring (see FAQ for details)
Security error while unpacking a received message: Too many messages had to be ignored consecutively
Server sent a very old message with ID 7639833064734374913, ignoring (see FAQ for details)
Security error while unpacking a received message: Too many messages had to be ignored consecutively
Server sent a very old message with ID 7639833082439838721, ignoring (see FAQ for details)
Security error while unpacking a received message: Too many messages had to be ignored consecutively
Server sent a very old message with ID 7639833082439838725, ignoring (see FAQ for details)
Security error while unpacking a received message: Too many messages had to be ignored consecutively
Server sent a very old message with ID 7639833091363002369, ignoring (see FAQ for details)
Security error while unpacking a received message: Too many messages had to be ignored consecutively
Server sent a very old message with ID 7639833092153026561, ignoring (see FAQ for details)
Security error while unpacking a received message: Too many messages had to be ignored consecutively
Server sent a very old message with ID 7639833094419568641, ignoring (see FAQ for details)
Security error while unpacking a received message: Too many messages had to be ignored consecutively
Server sent a very old message with ID 7639833152697096193, ignoring (see FAQ for details)
Security error while unpacking a received message: Too many messages had to be ignored consecutively
Server sent a very old message with ID 7639833155536868353, ignoring (see FAQ for details)
Security error while unpacking a received message: Too many messages had to be ignored consecutively
Server sent a very old message with ID 7639833165418836993, ignoring (see FAQ for details)
Security error while unpacking a received message: Too many messages had to be ignored consecutively
Server sent a very old message with ID 7639833180729018369, ignoring (see FAQ for details)
Security error while unpacking a received message: Too many messages had to be ignored consecutively
Server sent a very old message with ID 7639833198712453121, ignoring (see FAQ for details)
Security error while unpacking a received message: Too many messages had to be ignored consecutively
Server sent a very old message with ID 7639833201934196737, ignoring (see FAQ for details)
Security error while unpacking a received message: Too many messages had to be ignored consecutively
Server sent a very old message with ID 7639833210157777921, ignoring (see FAQ for details)
Security error while unpacking a received message: Too many messages had to be ignored consecutively
Server sent a very old message with ID 7639833223181323265, ignoring (see FAQ for details)
Security error while unpacking a received message: Too many messages had to be ignored consecutively
Server sent a very old message with ID 7639833236151424001, ignoring (see FAQ for details)
Security error while unpacking a received message: Too many messages had to be ignored consecutively
Server sent a very old message with ID 7639833243690306561, ignoring (see FAQ for details)
Security error while unpacking a received message: Too many messages had to be ignored consecutively
Server sent a very old message with ID 7639833244133584897, ignoring (see FAQ for details)
Security error while unpacking a received message: Too many messages had to be ignored consecutively
Server sent a very old message with ID 7639833250990994433, ignoring (see FAQ for details)
Security error while unpacking a received message: Too many messages had to be ignored consecutively
Server sent a very old message with ID 7639833264111799297, ignoring (see FAQ for details)
Security error while unpacking a received message: Too many messages had to be ignored consecutively
Server sent a very old message with ID 7639833266843262977, ignoring (see FAQ for details)
Security error while unpacking a received message: Too many messages had to be ignored consecutively
Server sent a very old message with ID 7639833271339701249, ignoring (see FAQ for details)
Security error while unpacking a received message: Too many messages had to be ignored consecutively
Server sent a very old message with ID 7639833271339701253, ignoring (see FAQ for details)
Security error while unpacking a received message: Too many messages had to be ignored consecutively
Server sent a very old message with ID 7639833281441483777, ignoring (see FAQ for details)
Security error while unpacking a received message: Too many messages had to be ignored consecutively
Server sent a very old message with ID 7639833298561597441, ignoring (see FAQ for details)
Security error while unpacking a received message: Too many messages had to be ignored consecutively
Server sent a very old message with ID 7639833308978095105, ignoring (see FAQ for details)
Security error while unpacking a received message: Too many messages had to be ignored consecutively
Server sent a very old message with ID 7639833317428875265, ignoring (see FAQ for details)
Security error while unpacking a received message: Too many messages had to be ignored consecutively
Server sent a very old message with ID 7639833326234591233, ignoring (see FAQ for details)
Security error while unpacking a received message: Too many messages had to be ignored consecutively
Server sent a very old message with ID 7639833337985546241, ignoring (see FAQ for details)
Security error while unpacking a received message: Too many messages had to be ignored consecutively
Server sent a very old message with ID 7639833343042654209, ignoring (see FAQ for details)
Security error while unpacking a received message: Too many messages had to be ignored consecutively
Server sent a very old message with ID 7639833356616766465, ignoring (see FAQ for details)
Security error while unpacking a received message: Too many messages had to be ignored consecutively
Server sent a very old message with ID 7639833362525865985, ignoring (see FAQ for details)
Security error while unpacking a received message: Too many messages had to be ignored consecutively
Server sent a very old message with ID 7639833370123216897, ignoring (see FAQ for details)
Security error while unpacking a received message: Too many messages had to be ignored consecutively
Server sent a very old message with ID 7639833410713591809, ignoring (see FAQ for details)
Security error while unpacking a received message: Too many messages had to be ignored consecutively
Server sent a very old message with ID 7639833413997105153, ignoring (see FAQ for details)
Security error while unpacking a received message: Too many messages had to be ignored consecutively
Server sent a very old message with ID 7639833431853483009, ignoring (see FAQ for details)
Security error while unpacking a received message: Too many messages had to be ignored consecutively
Server sent a very old message with ID 7639833440869850113, ignoring (see FAQ for details)
Security error while unpacking a received message: Too many messages had to be ignored consecutively
Server sent a very old message with ID 7639833444688424961, ignoring (see FAQ for details)
Security error while unpacking a received message: Too many messages had to be ignored consecutively
Server sent a very old message with ID 7639833446885417985, ignoring (see FAQ for details)
Security error while unpacking a received message: Too many messages had to be ignored consecutively
Server sent a very old message with ID 7639833453801416705, ignoring (see FAQ for details)
Security error while unpacking a received message: Too many messages had to be ignored consecutively
Server sent a very old message with ID 7639833459625185281, ignoring (see FAQ for details)
Security error while unpacking a received message: Too many messages had to be ignored consecutively
Server sent a very old message with ID 7639833462266041345, ignoring (see FAQ for details)
Security error while unpacking a received message: Too many messages had to be ignored consecutively
Server sent a very old message with ID 7639833465776547841, ignoring (see FAQ for details)
Security error while unpacking a received message: Too many messages had to be ignored consecutively
Server sent a very old message with ID 7639833470246592513, ignoring (see FAQ for details)
Security error while unpacking a received message: Too many messages had to be ignored consecutively
Server sent a very old message with ID 7639833474344646657, ignoring (see FAQ for details)
Security error while unpacking a received message: Too many messages had to be ignored consecutively
Server sent a very old message with ID 7639833480062992385, ignoring (see FAQ for details)
Security error while unpacking a received message: Too many messages had to be ignored consecutively
Server sent a very old message with ID 7639833496150163457, ignoring (see FAQ for details)
Security error while unpacking a received message: Too many messages had to be ignored consecutively
Server sent a very old message with ID 7639833502465778689, ignoring (see FAQ for details)
Security error while unpacking a received message: Too many messages had to be ignored consecutively
Server sent a very old message with ID 7639833519440046081, ignoring (see FAQ for details)
Security error while unpacking a received message: Too many messages had to be ignored consecutively
Server sent a very old message with ID 7639833538644185089, ignoring (see FAQ for details)
Security error while unpacking a received message: Too many messages had to be ignored consecutively
Server sent a very old message with ID 7639833541111873537, ignoring (see FAQ for details)
Security error while unpacking a received message: Too many messages had to be ignored consecutively
Server sent a very old message with ID 7639833564275637249, ignoring (see FAQ for details)
Security error while unpacking a received message: Too many messages had to be ignored consecutively
Server sent a very old message with ID 7639833564275637253, ignoring (see FAQ for details)
Security error while unpacking a received message: Too many messages had to be ignored consecutively
Server sent a very old message with ID 7639833601033096193, ignoring (see FAQ for details)
Security error while unpacking a received message: Too many messages had to be ignored consecutively
Server sent a very old message with ID 7639833615537148929, ignoring (see FAQ for details)
Security error while unpacking a received message: Too many messages had to be ignored consecutively
Server sent a very old message with ID 7639833629093501953, ignoring (see FAQ for details)
Security error while unpacking a received message: Too many messages had to be ignored consecutively
Server sent a very old message with ID 7639833632945547265, ignoring (see FAQ for details)
Security error while unpacking a received message: Too many messages had to be ignored consecutively
Server sent a very old message with ID 7639833656951929857, ignoring (see FAQ for details)
Security error while unpacking a received message: Too many messages had to be ignored consecutively
Server sent a very old message with ID 7639833667522385921, ignoring (see FAQ for details)
Security error while unpacking a received message: Too many messages had to be ignored consecutively
Server sent a very old message with ID 7639833702214467585, ignoring (see FAQ for details)
Security error while unpacking a received message: Too many messages had to be ignored consecutively
Server sent a very old message with ID 7639833709199027201, ignoring (see FAQ for details)
Security error while unpacking a received message: Too many messages had to be ignored consecutively
Server sent a very old message with ID 7639833709629451265, ignoring (see FAQ for details)
Security error while unpacking a received message: Too many messages had to be ignored consecutively
Server sent a very old message with ID 7639833725872648193, ignoring (see FAQ for details)
Security error while unpacking a received message: Too many messages had to be ignored consecutively
Server sent a very old message with ID 7639833729648141313, ignoring (see FAQ for details)
Security error while unpacking a received message: Too many messages had to be ignored consecutively
Server sent a very old message with ID 7639833730376973313, ignoring (see FAQ for details)
Security error while unpacking a received message: Too many messages had to be ignored consecutively
Server sent a very old message with ID 7639833742729939969, ignoring (see FAQ for details)
Security error while unpacking a received message: Too many messages had to be ignored consecutively
Server sent a very old message with ID 7639833764111982593, ignoring (see FAQ for details)
Security error while unpacking a received message: Too many messages had to be ignored consecutively
Server sent a very old message with ID 7639833765100291073, ignoring (see FAQ for details)
Security error while unpacking a received message: Too many messages had to be ignored consecutively
Server sent a very old message with ID 7639833781339677697, ignoring (see FAQ for details)
Security error while unpacking a received message: Too many messages had to be ignored consecutively
Server sent a very old message with ID 7639833785642787841, ignoring (see FAQ for details)
Security error while unpacking a received message: Too many messages had to be ignored consecutively
Server sent a very old message with ID 7639833786911111169, ignoring (see FAQ for details)
Security error while unpacking a received message: Too many messages had to be ignored consecutively
Server sent a very old message with ID 7639833787235042305, ignoring (see FAQ for details)
Security error while unpacking a received message: Too many messages had to be ignored consecutively
Server sent a very old message with ID 7639833789630334977, ignoring (see FAQ for details)
Security error while unpacking a received message: Too many messages had to be ignored consecutively
Server sent a very old message with ID 7639833797107389441, ignoring (see FAQ for details)
Security error while unpacking a received message: Too many messages had to be ignored consecutively
Server sent a very old message with ID 7639833798217272321, ignoring (see FAQ for details)
Security error while unpacking a received message: Too many messages had to be ignored consecutively
Server sent a very old message with ID 7639833811414424577, ignoring (see FAQ for details)
Security error while unpacking a received message: Too many messages had to be ignored consecutively
Server sent a very old message with ID 7639833811657545729, ignoring (see FAQ for details)
Security error while unpacking a received message: Too many messages had to be ignored consecutively
Server sent a very old message with ID 7639833819704388609, ignoring (see FAQ for details)
Security error while unpacking a received message: Too many messages had to be ignored consecutively
Server sent a very old message with ID 7639833861734212609, ignoring (see FAQ for details)
Security error while unpacking a received message: Too many messages had to be ignored consecutively
Server sent a very old message with ID 7639833861734111241, ignoring (see FAQ for details)
Security error while unpacking a received message: Too many messages had to be ignored consecutively
Server sent a very old message with ID 7639833861774709761, ignoring (see FAQ for details)
Security error while unpacking a received message: Too many messages had to be ignored consecutively
Server sent a very old message with ID 7639833861818607617, ignoring (see FAQ for details)
Security error while unpacking a received message: Too many messages had to be ignored consecutively
Server sent a very old message with ID 7639833865190637569, ignoring (see FAQ for details)
Security error while unpacking a received message: Too many messages had to be ignored consecutively
Server sent a very old message with ID 7639833866518056961, ignoring (see FAQ for details)
Security error while unpacking a received message: Too many messages had to be ignored consecutively
Server sent a very old message with ID 7639833866523363329, ignoring (see FAQ for details)
Security error while unpacking a received message: Too many messages had to be ignored consecutively
Server sent a very old message with ID 7639833870954027009, ignoring (see FAQ for details)
Security error while unpacking a received message: Too many messages had to be ignored consecutively
Server sent a very old message with ID 7639833891771717633, ignoring (see FAQ for details)
Security error while unpacking a received message: Too many messages had to be ignored consecutively
Server sent a very old message with ID 7639833891997502465, ignoring (see FAQ for details)
Security error while unpacking a received message: Too many messages had to be ignored consecutively
Server sent a very old message with ID 7639833892142258177, ignoring (see FAQ for details)
Security error while unpacking a received message: Too many messages had to be ignored consecutively
Server sent a very old message with ID 7639833899338828801, ignoring (see FAQ for details)
Security error while unpacking a received message: Too many messages had to be ignored consecutively
Server sent a very old message with ID 7639833900199878657, ignoring (see FAQ for details)
Security error while unpacking a received message: Too many messages had to be ignored consecutively
Server sent a very old message with ID 7639833909477768193, ignoring (see FAQ for details)
Security error while unpacking a received message: Too many messages had to be ignored consecutively
Server sent a very old message with ID 7639833921257262081, ignoring (see FAQ for details)
Security error while unpacking a received message: Too many messages had to be ignored consecutively
Server sent a very old message with ID 7639833925226469377, ignoring (see FAQ for details)
Security error while unpacking a received message: Too many messages had to be ignored consecutively
Server sent a very old message with ID 7639833925429448705, ignoring (see FAQ for details)
Security error while unpacking a received message: Too many messages had to be ignored consecutively
Server sent a very old message with ID 7639833941341371393, ignoring (see FAQ for details)
Security error while unpacking a received message: Too many messages had to be ignored consecutively
Server sent a very old message with ID 7639833947194893313, ignoring (see FAQ for details)
Security error while unpacking a received message: Too many messages had to be ignored consecutively
Server sent a very old message with ID 7639833953967154177, ignoring (see FAQ for details)
Security error while unpacking a received message: Too many messages had to be ignored consecutively
Server sent a very old message with ID 7639833956483670017, ignoring (see FAQ for details)
Security error while unpacking a received message: Too many messages had to be ignored consecutively
Server sent a very old message with ID 7639833957695167489, ignoring (see FAQ for details)
Security error while unpacking a received message: Too many messages had to be ignored consecutively
Server sent a very old message with ID 7639833968982213633, ignoring (see FAQ for details)
Security error while unpacking a received message: Too many messages had to be ignored consecutively
Server sent a very old message with ID 7639833969409631233, ignoring (see FAQ for details)
Security error while unpacking a received message: Too many messages had to be ignored consecutively
Server sent a very old message with ID 7639833974626614273, ignoring (see FAQ for details)
Security error while unpacking a received message: Too many messages had to be ignored consecutively
Server sent a very old message with ID 7639833983855546369, ignoring (see FAQ for details)
Security error while unpacking a received message: Too many messages had to be ignored consecutively
Server sent a very old message with ID 7639833984568399873, ignoring (see FAQ for details)
Security error while unpacking a received message: Too many messages had to be ignored consecutively
Server sent a very old message with ID 7639833986434974721, ignoring (see FAQ for details)
Security error while unpacking a received message: Too many messages had to be ignored consecutively
Server sent a very old message with ID 7639833994164939777, ignoring (see FAQ for details)
Security error while unpacking a received message: Too many messages had to be ignored consecutively
Server sent a very old message with ID 7639833995155820545, ignoring (see FAQ for details)
Security error while unpacking a received message: Too many messages had to be ignored consecutively
Server sent a very old message with ID 7639833997564188673, ignoring (see FAQ for details)
Security error while unpacking a received message: Too many messages had to be ignored consecutively
Server sent a very old message with ID 7639833998616356865, ignoring (see FAQ for details)
Security error while unpacking a received message: Too many messages had to be ignored consecutively
Server sent a very old message with ID 7639834003859828737, ignoring (see FAQ for details)
Security error while unpacking a received message: Too many messages had to be ignored consecutively
Server sent a very old message with ID 7639834004719765505, ignoring (see FAQ for details)
Security error while unpacking a received message: Too many messages had to be ignored consecutively
Server sent a very old message with ID 7639834026980371457, ignoring (see FAQ for details)
Security error while unpacking a received message: Too many messages had to be ignored consecutively
Server sent a very old message with ID 7639834032927062017, ignoring (see FAQ for details)
Security error while unpacking a received message: Too many messages had to be ignored consecutively
Server sent a very old message with ID 7639834048207809537, ignoring (see FAQ for details)
Security error while unpacking a received message: Too many messages had to be ignored consecutively
Server sent a very old message with ID 7639834050062091265, ignoring (see FAQ for details)
Security error while unpacking a received message: Too many messages had to be ignored consecutively
Server sent a very old message with ID 7639834052900898817, ignoring (see FAQ for details)
Security error while unpacking a received message: Too many messages had to be ignored consecutively
Server sent a very old message with ID 7639834053997752321, ignoring (see FAQ for details)
Security error while unpacking a received message: Too many messages had to be ignored consecutively
Server sent a very old message with ID 7639834065673463809, ignoring (see FAQ for details)
Security error while unpacking a received message: Too many messages had to be ignored consecutively
Server sent a very old message with ID 7639834066179369985, ignoring (see FAQ for details)
Security error while unpacking a received message: Too many messages had to be ignored consecutively
Server sent a very old message with ID 7639834067882376193, ignoring (see FAQ for details)
Security error while unpacking a received message: Too many messages had to be ignored consecutively
Server sent a very old message with ID 7639834089303008257, ignoring (see FAQ for details)
Security error while unpacking a received message: Too many messages had to be ignored consecutively
Server sent a very old message with ID 7639834089937655809, ignoring (see FAQ for details)
Security error while unpacking a received message: Too many messages had to be ignored consecutively
Server sent a very old message with ID 7639834090674583553, ignoring (see FAQ for details)
Security error while unpacking a received message: Too many messages had to be ignored consecutively
Server sent a very old message with ID 7639834105929668609, ignoring (see FAQ for details)
Security error while unpacking a received message: Too many messages had to be ignored consecutively
Server sent a very old message with ID 7639834120719495169, ignoring (see FAQ for details)
Security error while unpacking a received message: Too many messages had to be ignored consecutively
Server sent a very old message with ID 7639834127980960773, ignoring (see FAQ for details)
Security error while unpacking a received message: Too many messages had to be ignored consecutively
Server sent a very old message with ID 7639834127980960769, ignoring (see FAQ for details)
Security error while unpacking a received message: Too many messages had to be ignored consecutively
Server sent a very old message with ID 7639834133702016001, ignoring (see FAQ for details)
Security error while unpacking a received message: Too many messages had to be ignored consecutively
Server sent a very old message with ID 7639834143513803777, ignoring (see FAQ for details)
Security error while unpacking a received message: Too many messages had to be ignored consecutively
Server sent a very old message with ID 7639834162417523713, ignoring (see FAQ for details)
Security error while unpacking a received message: Too many messages had to be ignored consecutively
Server sent a very old message with ID 7639834167640650753, ignoring (see FAQ for details)
Security error while unpacking a received message: Too many messages had to be ignored consecutively
Server sent a very old message with ID 7639834173796097025, ignoring (see FAQ for details)
Security error while unpacking a received message: Too many messages had to be ignored consecutively
Server sent a very old message with ID 7639834182992967681, ignoring (see FAQ for details)
Security error while unpacking a received message: Too many messages had to be ignored consecutively
Server sent a very old message with ID 7639834186573784065, ignoring (see FAQ for details)
Security error while unpacking a received message: Too many messages had to be ignored consecutively
Server sent a very old message with ID 7639834191177278465, ignoring (see FAQ for details)
Security error while unpacking a received message: Too many messages had to be ignored consecutively
Server sent a very old message with ID 7639834205504301057, ignoring (see FAQ for details)
Security error while unpacking a received message: Too many messages had to be ignored consecutively
Server sent a very old message with ID 7639834210321509377, ignoring (see FAQ for details)
Security error while unpacking a received message: Too many messages had to be ignored consecutively
Server sent a very old message with ID 7639834212985481217, ignoring (see FAQ for details)
Security error while unpacking a received message: Too many messages had to be ignored consecutively
Server sent a very old message with ID 7639834229520989185, ignoring (see FAQ for details)
Security error while unpacking a received message: Too many messages had to be ignored consecutively
Server sent a very old message with ID 7639834233307245569, ignoring (see FAQ for details)
Security error while unpacking a received message: Too many messages had to be ignored consecutively
Server sent a very old message with ID 7639834253606962177, ignoring (see FAQ for details)
Security error while unpacking a received message: Too many messages had to be ignored consecutively
Server sent a very old message with ID 7639834255714545665, ignoring (see FAQ for details)
Security error while unpacking a received message: Too many messages had to be ignored consecutively
Server sent a very old message with ID 7639834293720174593, ignoring (see FAQ for details)
Security error while unpacking a received message: Too many messages had to be ignored consecutively
Server sent a very old message with ID 7639834295884777473, ignoring (see FAQ for details)
Security error while unpacking a received message: Too many messages had to be ignored consecutively
Server sent a very old message with ID 7639834306531492865, ignoring (see FAQ for details)
Security error while unpacking a received message: Too many messages had to be ignored consecutively
Server sent a very old message with ID 7639834308055982081, ignoring (see FAQ for details)
Security error while unpacking a received message: Too many messages had to be ignored consecutively
Server sent a very old message with ID 7639834309327912961, ignoring (see FAQ for details)
Security error while unpacking a received message: Too many messages had to be ignored consecutively
Server sent a very old message with ID 7639834310665857025, ignoring (see FAQ for details)
Security error while unpacking a received message: Too many messages had to be ignored consecutively
Server sent a very old message with ID 7639834311842306049, ignoring (see FAQ for details)
Security error while unpacking a received message: Too many messages had to be ignored consecutively
Server sent a very old message with ID 7639834327146138625, ignoring (see FAQ for details)
Security error while unpacking a received message: Too many messages had to be ignored consecutively
Server sent a very old message with ID 7639834338802401281, ignoring (see FAQ for details)
Security error while unpacking a received message: Too many messages had to be ignored consecutively
Server sent a very old message with ID 7639834343576350721, ignoring (see FAQ for details)
Security error while unpacking a received message: Too many messages had to be ignored consecutively
Server sent a very old message with ID 7639834347063605249, ignoring (see FAQ for details)
Security error while unpacking a received message: Too many messages had to be ignored consecutively
Server sent a very old message with ID 7639834388936225793, ignoring (see FAQ for details)
Security error while unpacking a received message: Too many messages had to be ignored consecutively
Server sent a very old message with ID 7639834407472562177, ignoring (see FAQ for details)
Security error while unpacking a received message: Too many messages had to be ignored consecutively
Server sent a very old message with ID 7639834436253760517, ignoring (see FAQ for details)
Security error while unpacking a received message: Too many messages had to be ignored consecutively
Server sent a very old message with ID 7639834436253760513, ignoring (see FAQ for details)
Security error while unpacking a received message: Too many messages had to be ignored consecutively
Server sent a very old message with ID 7639834438116393985, ignoring (see FAQ for details)
Security error while unpacking a received message: Too many messages had to be ignored consecutively
Server sent a very old message with ID 7639834440862309377, ignoring (see FAQ for details)
Security error while unpacking a received message: Too many messages had to be ignored consecutively
Server sent a very old message with ID 7639834448434972673, ignoring (see FAQ for details)
Security error while unpacking a received message: Too many messages had to be ignored consecutively
Server sent a very old message with ID 7639834453868644353, ignoring (see FAQ for details)
Security error while unpacking a received message: Too many messages had to be ignored consecutively
Server sent a very old message with ID 7639834471176036353, ignoring (see FAQ for details)
Security error while unpacking a received message: Too many messages had to be ignored consecutively
Server sent a very old message with ID 7639834474890017793, ignoring (see FAQ for details)
Security error while unpacking a received message: Too many messages had to be ignored consecutively
Server sent a very old message with ID 7639834483452309505, ignoring (see FAQ for details)
Security error while unpacking a received message: Too many messages had to be ignored consecutively
Server sent a very old message with ID 7639834522624707585, ignoring (see FAQ for details)
Security error while unpacking a received message: Too many messages had to be ignored consecutively
Server sent a very old message with ID 7639834527340974081, ignoring (see FAQ for details)
Security error while unpacking a received message: Too many messages had to be ignored consecutively
Server sent a very old message with ID 7639834542197449729, ignoring (see FAQ for details)
Security error while unpacking a received message: Too many messages had to be ignored consecutively
Server sent a very old message with ID 7639834566280908801, ignoring (see FAQ for details)
Security error while unpacking a received message: Too many messages had to be ignored consecutively
Server sent a very old message with ID 7639834570121817089, ignoring (see FAQ for details)
Security error while unpacking a received message: Too many messages had to be ignored consecutively
Server sent a very old message with ID 7639834610478956545, ignoring (see FAQ for details)
Security error while unpacking a received message: Too many messages had to be ignored consecutively
Server sent a very old message with ID 7639834614152674305, ignoring (see FAQ for details)
Security error while unpacking a received message: Too many messages had to be ignored consecutively
Server sent a very old message with ID 7639834619437740033, ignoring (see FAQ for details)
Security error while unpacking a received message: Too many messages had to be ignored consecutively
Server sent a very old message with ID 7639834623778235393, ignoring (see FAQ for details)
Security error while unpacking a received message: Too many messages had to be ignored consecutively
Server sent a very old message with ID 7639834647958370305, ignoring (see FAQ for details)
Security error while unpacking a received message: Too many messages had to be ignored consecutively
Server sent a very old message with ID 7639834649781349377, ignoring (see FAQ for details)
Security error while unpacking a received message: Too many messages had to be ignored consecutively
Server sent a very old message with ID 7639834654509112321, ignoring (see FAQ for details)
Security error while unpacking a received message: Too many messages had to be ignored consecutively
Server sent a very old message with ID 7639834699304050693, ignoring (see FAQ for details)
Security error while unpacking a received message: Too many messages had to be ignored consecutively
Server sent a very old message with ID 7639834699304050689, ignoring (see FAQ for details)
Security error while unpacking a received message: Too many messages had to be ignored consecutively
Server sent a very old message with ID 7639834700081483777, ignoring (see FAQ for details)
Security error while unpacking a received message: Too many messages had to be ignored consecutively
Server sent a very old message with ID 7639834711974074369, ignoring (see FAQ for details)
Security error while unpacking a received message: Too many messages had to be ignored consecutively
Server sent a very old message with ID 7639834758953895937, ignoring (see FAQ for details)
Security error while unpacking a received message: Too many messages had to be ignored consecutively
Server sent a very old message with ID 7639834772919145473, ignoring (see FAQ for details)
Security error while unpacking a received message: Too many messages had to be ignored consecutively
Server sent a very old message with ID 7639834791050594305, ignoring (see FAQ for details)
Security error while unpacking a received message: Too many messages had to be ignored consecutively
Server sent a very old message with ID 7639834793227899905, ignoring (see FAQ for details)
Security error while unpacking a received message: Too many messages had to be ignored consecutively
Server sent a very old message with ID 7639834813810856961, ignoring (see FAQ for details)
Security error while unpacking a received message: Too many messages had to be ignored consecutively
Server sent a very old message with ID 7639834822389327873, ignoring (see FAQ for details)
Security error while unpacking a received message: Too many messages had to be ignored consecutively
Server sent a very old message with ID 7639834826274596865, ignoring (see FAQ for details)
Security error while unpacking a received message: Too many messages had to be ignored consecutively
Server sent a very old message with ID 7639834827202937857, ignoring (see FAQ for details)
Security error while unpacking a received message: Too many messages had to be ignored consecutively
Server sent a very old message with ID 7639834873966016513, ignoring (see FAQ for details)
Security error while unpacking a received message: Too many messages had to be ignored consecutively
Server sent a very old message with ID 7639834886883639297, ignoring (see FAQ for details)
Security error while unpacking a received message: Too many messages had to be ignored consecutively
Server sent a very old message with ID 7639834886953036801, ignoring (see FAQ for details)
Security error while unpacking a received message: Too many messages had to be ignored consecutively
Server sent a very old message with ID 7639834892698054657, ignoring (see FAQ for details)
Security error while unpacking a received message: Too many messages had to be ignored consecutively
Server sent a very old message with ID 7639834896768132097, ignoring (see FAQ for details)
Security error while unpacking a received message: Too many messages had to be ignored consecutively
Server sent a very old message with ID 7639834899066555393, ignoring (see FAQ for details)
Security error while unpacking a received message: Too many messages had to be ignored consecutively
Server sent a very old message with ID 7639834906239802369, ignoring (see FAQ for details)
Security error while unpacking a received message: Too many messages had to be ignored consecutively
Server sent a very old message with ID 7639834916147887105, ignoring (see FAQ for details)
Security error while unpacking a received message: Too many messages had to be ignored consecutively
Server sent a very old message with ID 7639834918364512257, ignoring (see FAQ for details)
Security error while unpacking a received message: Too many messages had to be ignored consecutively
Server sent a very old message with ID 7639834925820863489, ignoring (see FAQ for details)
Security error while unpacking a received message: Too many messages had to be ignored consecutively
Server sent a very old message with ID 7639834932414115841, ignoring (see FAQ for details)
Security error while unpacking a received message: Too many messages had to be ignored consecutively
Server sent a very old message with ID 7639834933509679105, ignoring (see FAQ for details)
Security error while unpacking a received message: Too many messages had to be ignored consecutively
Server sent a very old message with ID 7639834934487331841, ignoring (see FAQ for details)
Security error while unpacking a received message: Too many messages had to be ignored consecutively
Server sent a very old message with ID 7639834938428232705, ignoring (see FAQ for details)
Security error while unpacking a received message: Too many messages had to be ignored consecutively
Server sent a very old message with ID 7639834946970450945, ignoring (see FAQ for details)
Security error while unpacking a received message: Too many messages had to be ignored consecutively
Server sent a very old message with ID 7639834947569502209, ignoring (see FAQ for details)
Security error while unpacking a received message: Too many messages had to be ignored consecutively
Server sent a very old message with ID 7639834948937674753, ignoring (see FAQ for details)
Security error while unpacking a received message: Too many messages had to be ignored consecutively
Server sent a very old message with ID 7639834956446912513, ignoring (see FAQ for details)
Security error while unpacking a received message: Too many messages had to be ignored consecutively
Server sent a very old message with ID 7639834957945252865, ignoring (see FAQ for details)
Security error while unpacking a received message: Too many messages had to be ignored consecutively
Server sent a very old message with ID 7639835033446914049, ignoring (see FAQ for details)
Security error while unpacking a received message: Too many messages had to be ignored consecutively
Server sent a very old message with ID 7639835033446914053, ignoring (see FAQ for details)
Security error while unpacking a received message: Too many messages had to be ignored consecutively
Server sent a very old message with ID 7639835047835342849, ignoring (see FAQ for details)
Security error while unpacking a received message: Too many messages had to be ignored consecutively
Server sent a very old message with ID 7639835057713052673, ignoring (see FAQ for details)
Security error while unpacking a received message: Too many messages had to be ignored consecutively
Server sent a very old message with ID 7639835069352069121, ignoring (see FAQ for details)
Security error while unpacking a received message: Too many messages had to be ignored consecutively
Server sent a very old message with ID 7639835075662167041, ignoring (see FAQ for details)
Security error while unpacking a received message: Too many messages had to be ignored consecutively
Server sent a very old message with ID 7639835078854247425, ignoring (see FAQ for details)
Security error while unpacking a received message: Too many messages had to be ignored consecutively
Server sent a very old message with ID 7639835085956879361, ignoring (see FAQ for details)
Security error while unpacking a received message: Too many messages had to be ignored consecutively
Server sent a very old message with ID 7639835091114600449, ignoring (see FAQ for details)
Security error while unpacking a received message: Too many messages had to be ignored consecutively
Server sent a very old message with ID 7639835135829044225, ignoring (see FAQ for details)
Security error while unpacking a received message: Too many messages had to be ignored consecutively
Server sent a very old message with ID 7639835149228597249, ignoring (see FAQ for details)
Security error while unpacking a received message: Too many messages had to be ignored consecutively
Server sent a very old message with ID 7639835151913998337, ignoring (see FAQ for details)
Security error while unpacking a received message: Too many messages had to be ignored consecutively
Server sent a very old message with ID 7639835164685125633, ignoring (see FAQ for details)
Security error while unpacking a received message: Too many messages had to be ignored consecutively
Server sent a very old message with ID 7639835188459887617, ignoring (see FAQ for details)
Security error while unpacking a received message: Too many messages had to be ignored consecutively
Server sent a very old message with ID 7639835195565068289, ignoring (see FAQ for details)
Security error while unpacking a received message: Too many messages had to be ignored consecutively
Обновлены отели: 130/155
Обновлены отели: 140/155
