/Users/darya_botova/Library/Python/3.9/lib/python/site-packages/urllib3/__init__.py:35: NotOpenSSLWarning: urllib3 v2 only supports OpenSSL 1.1.1+, currently the 'ssl' module is compiled with 'LibreSSL 2.8.3'. See: https://github.com/urllib3/urllib3/issues/3020
  warnings.warn(
Attempt 1 at connecting failed: PermissionError: [Errno 1] Operation not permitted
Attempt 2 at connecting failed: PermissionError: [Errno 1] Operation not permitted
Attempt 3 at connecting failed: PermissionError: [Errno 1] Operation not permitted
Attempt 4 at connecting failed: PermissionError: [Errno 1] Operation not permitted
Attempt 5 at connecting failed: PermissionError: [Errno 1] Operation not permitted
Attempt 6 at connecting failed: PermissionError: [Errno 1] Operation not permitted
Traceback (most recent call last):
  File "/Users/darya_botova/Documents/New project/scripts/sync_catalog_from_telegram.py", line 1424, in <module>
    asyncio.run(main())
  File "/Library/Developer/CommandLineTools/Library/Frameworks/Python3.framework/Versions/3.9/lib/python3.9/asyncio/runners.py", line 44, in run
    return loop.run_until_complete(main)
  File "/Library/Developer/CommandLineTools/Library/Frameworks/Python3.framework/Versions/3.9/lib/python3.9/asyncio/base_events.py", line 642, in run_until_complete
    return future.result()
  File "/Users/darya_botova/Documents/New project/scripts/sync_catalog_from_telegram.py", line 1268, in main
    await client.connect()
  File "/Users/darya_botova/Library/Python/3.9/lib/python/site-packages/telethon/client/telegrambaseclient.py", line 560, in connect
    if not await self._sender.connect(self._connection(
  File "/Users/darya_botova/Library/Python/3.9/lib/python/site-packages/telethon/network/mtprotosender.py", line 133, in connect
    await self._connect()
  File "/Users/darya_botova/Library/Python/3.9/lib/python/site-packages/telethon/network/mtprotosender.py", line 266, in _connect
    raise ConnectionError('Connection to Telegram failed {} time(s)'.format(self._retries))
ConnectionError: Connection to Telegram failed 5 time(s)
