+ /Library/Developer/CommandLineTools/usr/bin/python3 /Users/darya_botova/Documents/GitHub/lending_pervyi/scripts/backfill_missing_from_sheet_links.py
/Users/darya_botova/Library/Python/3.9/lib/python/site-packages/google/oauth2/__init__.py:40: FutureWarning: You are using a Python version 3.9 past its end of life. Google will update google-auth with critical bug fixes on a best-effort basis, but not with any other fixes or features. Please upgrade your Python version, and then update google-auth.
  warnings.warn(eol_message.format("3.9"), FutureWarning)
/Users/darya_botova/Library/Python/3.9/lib/python/site-packages/google/auth/__init__.py:54: FutureWarning: You are using a Python version 3.9 past its end of life. Google will update google-auth with critical bug fixes on a best-effort basis, but not with any other fixes or features. Please upgrade your Python version, and then update google-auth.
  warnings.warn(eol_message.format("3.9"), FutureWarning)
/Users/darya_botova/Library/Python/3.9/lib/python/site-packages/google/api_core/_python_version_support.py:246: FutureWarning: You are using a non-supported Python version (3.9.6). Google will not post any further updates to google.api_core supporting this Python version. Please upgrade to the latest Python version, or at least Python 3.10, and then update google.api_core.
  warnings.warn(message, FutureWarning)
/Users/darya_botova/Library/Python/3.9/lib/python/site-packages/urllib3/__init__.py:35: NotOpenSSLWarning: urllib3 v2 only supports OpenSSL 1.1.1+, currently the 'ssl' module is compiled with 'LibreSSL 2.8.3'. See: https://github.com/urllib3/urllib3/issues/3020
  warnings.warn(
Backfill недостающих объектов из СОЦСЕТИ → Supabase/сайт


Строк в таблице: 228
Удалено по правилу (КОСТА ДЕ ОРА / АСМАН / ЛАВАНДА): 0
Кандидатов на дозагрузку: 7
Добавлено новых: 1
Обновлено существующих (по topic/title fallback): 3
Ошибок: 3
Нераспознанных ссылок: 3
Игнорировано ссылок с чужими каналами: 0

Добавлены:
- pion-gostevoy-dom-4539 | "ПИОН" гостевой дом | row 160

Обновлены существующие:
- belaya-loshad-glemping-s-basseynom-3650 | "БЕЛАЯ ЛОШАДЬ" глэмпинг с бассейном | row 33
- peschanyy-bereg-apartamenty-3697 | "ПЕСЧАНЫЙ БЕРЕГ" апартаменты | row 159
- chernomorskaya-kvartira-suhum-1201 | "ЧЕРНОМОРСКАЯ-2" квартира 2к | row 221

Ошибки:
- row 37: https://t.me/abhazbooking/1694 | не удалось получить сообщение/оно старше 2026-01-01
- row 130: https://t.me/abhkvartira/469/1025 | не удалось получить сообщение/оно старше 2026-01-01
- row 161: https://t.me/abhkvartira/1410/1411 | не удалось получить сообщение/оно старше 2026-01-01

Нераспознанные ссылки:
- row 25: описание спрятала в вк видео, скрыт доступ
- row 51: t.me/villalubov
- row 135: t.me/abhmulberry
+ /Library/Developer/CommandLineTools/usr/bin/python3 /Users/darya_botova/Documents/GitHub/lending_pervyi/scripts/apply_all_filters_from_sheet.py
/Users/darya_botova/Library/Python/3.9/lib/python/site-packages/urllib3/__init__.py:35: NotOpenSSLWarning: urllib3 v2 only supports OpenSSL 1.1.1+, currently the 'ssl' module is compiled with 'LibreSSL 2.8.3'. See: https://github.com/urllib3/urllib3/issues/3020
  warnings.warn(
/Users/darya_botova/Library/Python/3.9/lib/python/site-packages/google/oauth2/__init__.py:40: FutureWarning: You are using a Python version 3.9 past its end of life. Google will update google-auth with critical bug fixes on a best-effort basis, but not with any other fixes or features. Please upgrade your Python version, and then update google-auth.
  warnings.warn(eol_message.format("3.9"), FutureWarning)
/Users/darya_botova/Library/Python/3.9/lib/python/site-packages/google/auth/__init__.py:54: FutureWarning: You are using a Python version 3.9 past its end of life. Google will update google-auth with critical bug fixes on a best-effort basis, but not with any other fixes or features. Please upgrade your Python version, and then update google-auth.
  warnings.warn(eol_message.format("3.9"), FutureWarning)
/Users/darya_botova/Library/Python/3.9/lib/python/site-packages/google/api_core/_python_version_support.py:246: FutureWarning: You are using a non-supported Python version (3.9.6). Google will not post any further updates to google.api_core supporting this Python version. Please upgrade to the latest Python version, or at least Python 3.10, and then update google.api_core.
  warnings.warn(message, FutureWarning)
Готово. Массовый перенос фильтров из СОЦСЕТИ в Supabase выполнен.

Режим: только объекты с HTML на сайте
Строк в СОЦСЕТИ: 228
Разобрано ссылок Telegram: 206
Без ссылки Telegram: 19
Ссылка не распознана: 3
Обработано объектов на сайте (есть строка в таблице): 201
Обновлено объектов в Supabase: 2
Без изменений: 199
Пропущено (нет HTML-страницы на сайте): 0
Не найдено в Supabase по channel+message_id: 5

Отчёт по группам фильтров:
- distance: заполнено по таблице (непустые) у 199 объектов, изменено у 2 объектов
  значения: up-to-5:89, up-to-10:55, over-10:32, beachfront:29
- food: заполнено по таблице (непустые) у 201 объектов, изменено у 2 объектов
  значения: no-food:166, cafe:35, breakfast:18, full-board:4, half-board:1
- price: заполнено по таблице (непустые) у 199 объектов, изменено у 2 объектов
  значения: midrange:91, economy:77, premium:37
- city: заполнено по таблице (непустые) у 197 объектов, изменено у 2 объектов
  значения: ldzaa:63, sukhum:37, pitsunda:34, gagra:25, alakhadzy:18, gudauta:9, new-afon:9, tsandripsh:7
- beach: заполнено по таблице (непустые) у 200 объектов, изменено у 2 объектов
  значения: pebble:101, pine-pebble-ldzaa-pitsunda:48, pitsunda-bay-mixed:34, sand-sukhum:17, sand-ldzaa:5
- room: заполнено по таблице (непустые) у 188 объектов, изменено у 1 объектов
  значения: five-plus:87, kitchen:75, two-room-plus:66, terrace:63, balcony:62, pool:45, sea-view:28, beachfront-room:25
- stay: заполнено по таблице (непустые) у 162 объектов, изменено у 0 объектов
  значения: pets:92, cottages:73, apartments:37, turnkey-house:13, no-small-kids:1

Нераспознанные ссылки Telegram (из таблицы):
- описание спрятала в вк видео, скрыт доступ
- t.me/villalubov
- t.me/abhmulberry

Ссылки, не найденные в Supabase:
- https://t.me/abhazbooking/1694
- https://t.me/abhazbooking/2422
- https://t.me/abhkvartira/469/1025
- https://t.me/abhazbooking/3697?single
- https://t.me/abhkvartira/652/1185
+ /Library/Developer/CommandLineTools/usr/bin/python3 /Users/darya_botova/Documents/GitHub/lending_pervyi/scripts/rebuild_from_supabase.py
/Users/darya_botova/Library/Python/3.9/lib/python/site-packages/urllib3/__init__.py:35: NotOpenSSLWarning: urllib3 v2 only supports OpenSSL 1.1.1+, currently the 'ssl' module is compiled with 'LibreSSL 2.8.3'. See: https://github.com/urllib3/urllib3/issues/3020
  warnings.warn(
/Users/darya_botova/Library/Python/3.9/lib/python/site-packages/google/oauth2/__init__.py:40: FutureWarning: You are using a Python version 3.9 past its end of life. Google will update google-auth with critical bug fixes on a best-effort basis, but not with any other fixes or features. Please upgrade your Python version, and then update google-auth.
  warnings.warn(eol_message.format("3.9"), FutureWarning)
/Users/darya_botova/Library/Python/3.9/lib/python/site-packages/google/auth/__init__.py:54: FutureWarning: You are using a Python version 3.9 past its end of life. Google will update google-auth with critical bug fixes on a best-effort basis, but not with any other fixes or features. Please upgrade your Python version, and then update google-auth.
  warnings.warn(eol_message.format("3.9"), FutureWarning)
/Users/darya_botova/Library/Python/3.9/lib/python/site-packages/google/api_core/_python_version_support.py:246: FutureWarning: You are using a non-supported Python version (3.9.6). Google will not post any further updates to google.api_core supporting this Python version. Please upgrade to the latest Python version, or at least Python 3.10, and then update google.api_core.
  warnings.warn(message, FutureWarning)
Пересобрано отелей: 164
Пересобрано квартир: 59
