Найдено объектов: hotels=118, kvartira=50
Обновлены отели: 10/118
[error] hotel materialize failed id=2755 title=""ВИЛЛА ЛЕОНА" отель с бассейном, питанием и собственным пляжем": HTTPSConnectionPool(host='chnyazvybzzryduhgopa.supabase.co', port=443): Max retries exceeded with url: /rest/v1/listings?id=eq.15 (Caused by SSLError(SSLEOFError(8, 'EOF occurred in violation of protocol (_ssl.c:1129)')))
[error] hotel materialize failed id=2765 title=""КРЫЛЬЯ" домики видовые двухкомнатные": HTTPSConnectionPool(host='chnyazvybzzryduhgopa.supabase.co', port=443): Read timed out. (read timeout=180)
Обновлены отели: 20/118
[error] hotel materialize failed id=2928 title=""ГРАСС ОТЕЛЬ" коттеджи в горах Абхазии с бассейном": HTTPSConnectionPool(host='chnyazvybzzryduhgopa.supabase.co', port=443): Max retries exceeded with url: /rest/v1/listing_media (Caused by SSLError(SSLEOFError(8, 'EOF occurred in violation of protocol (_ssl.c:1129)')))
Обновлены отели: 40/118
Обновлены отели: 50/118
Обновлены отели: 60/118
[error] hotel materialize failed id=3390 title=""СИРИУС" отель у соснового пляжа": HTTPSConnectionPool(host='chnyazvybzzryduhgopa.supabase.co', port=443): Max retries exceeded with url: /rest/v1/listings?id=eq.73 (Caused by SSLError(SSLEOFError(8, 'EOF occurred in violation of protocol (_ssl.c:1129)')))
[error] hotel materialize failed id=3409 title=""СИСАЙД" домики": HTTPSConnectionPool(host='chnyazvybzzryduhgopa.supabase.co', port=443): Max retries exceeded with url: /rest/v1/listing_media?listing_id=eq.74 (Caused by SSLError(SSLEOFError(8, 'EOF occurred in violation of protocol (_ssl.c:1129)')))
[error] hotel materialize failed id=3449 title=""СИЗОН" гостевой дом": HTTPSConnectionPool(host='chnyazvybzzryduhgopa.supabase.co', port=443): Max retries exceeded with url: /rest/v1/listings?id=eq.78 (Caused by SSLError(SSLEOFError(8, 'EOF occurred in violation of protocol (_ssl.c:1129)')))
[error] hotel materialize failed id=3536 title=""ЛЕОН" домики": HTTPSConnectionPool(host='chnyazvybzzryduhgopa.supabase.co', port=443): Max retries exceeded with url: /rest/v1/listings?id=eq.83 (Caused by SSLError(SSLEOFError(8, 'EOF occurred in violation of protocol (_ssl.c:1129)')))
Обновлены отели: 90/118
Обновлены отели: 100/118
[error] hotel materialize failed id=3871 title=""ЦАРСКОЕ СЕЛО АНХУА" коттеджи": HTTPSConnectionPool(host='chnyazvybzzryduhgopa.supabase.co', port=443): Max retries exceeded with url: /rest/v1/listing_media?listing_id=eq.787 (Caused by SSLError(SSLEOFError(8, 'EOF occurred in violation of protocol (_ssl.c:1129)')))
[error] hotel materialize failed id=3891 title=""СТАРЫЙ ПРИЧАЛ" гостевой дом у моря": HTTPSConnectionPool(host='chnyazvybzzryduhgopa.supabase.co', port=443): Max retries exceeded with url: /rest/v1/listings?id=eq.788 (Caused by SSLError(SSLEOFError(8, 'EOF occurred in violation of protocol (_ssl.c:1129)')))
Обновлены отели: 118/118
Обновлены квартиры: 10/50
[error] kvartira materialize failed topic=1294 title=""КЛАССИКА" квартира 3к📍Лдзаа": HTTPSConnectionPool(host='chnyazvybzzryduhgopa.supabase.co', port=443): Max retries exceeded with url: /rest/v1/listings?id=eq.119 (Caused by SSLError(SSLEOFError(8, 'EOF occurred in violation of protocol (_ssl.c:1129)')))
[error] kvartira materialize failed topic=143 title=""ПАРКОВАЯ" квартира 2к📍 Сухум": HTTPSConnectionPool(host='chnyazvybzzryduhgopa.supabase.co', port=443): Max retries exceeded with url: /rest/v1/listings?id=eq.120 (Caused by SSLError(SSLEOFError(8, 'EOF occurred in violation of protocol (_ssl.c:1129)')))
Обновлены квартиры: 20/50
[error] kvartira materialize failed topic=7 title=""МИЯ" дом 📍Лдзаа": HTTPSConnectionPool(host='chnyazvybzzryduhgopa.supabase.co', port=443): Max retries exceeded with url: /rest/v1/listing_media?listing_id=eq.129 (Caused by SSLError(SSLEOFError(8, 'EOF occurred in violation of protocol (_ssl.c:1129)')))
Обновлены квартиры: 30/50
Обновлены квартиры: 40/50
Обновлены квартиры: 50/50
{"hotels": 118, "kvartira": 50, "failed_hotels": 9, "failed_kvartira": 3, "deleted_hotels": 1, "deleted_kvartira": 0}
[warn] Не обновились отели: [{"source_id": 2755, "title": "\"ВИЛЛА ЛЕОНА\" отель с бассейном, питанием и собственным пляжем", "error": "HTTPSConnectionPool(host='chnyazvybzzryduhgopa.supabase.co', port=443): Max retries exceeded with url: /rest/v1/listings?id=eq.15 (Caused by SSLError(SSLEOFError(8, 'EOF occurred in violation of protocol (_ssl.c:1129)')))"}, {"source_id": 2765, "title": "\"КРЫЛЬЯ\" домики видовые двухкомнатные", "error": "HTTPSConnectionPool(host='chnyazvybzzryduhgopa.supabase.co', port=443): Read timed out. (read timeout=180)"}, {"source_id": 2928, "title": "\"ГРАСС ОТЕЛЬ\" коттеджи в горах Абхазии с бассейном", "error": "HTTPSConnectionPool(host='chnyazvybzzryduhgopa.supabase.co', port=443): Max retries exceeded with url: /rest/v1/listing_media (Caused by SSLError(SSLEOFError(8, 'EOF occurred in violation of protocol (_ssl.c:1129)')))"}, {"source_id": 3390, "title": "\"СИРИУС\" отель у соснового пляжа", "error": "HTTPSConnectionPool(host='chnyazvybzzryduhgopa.supabase.co', port=443): Max retries exceeded with url: /rest/v1/listings?id=eq.73 (Caused by SSLError(SSLEOFError(8, 'EOF occurred in violation of protocol (_ssl.c:1129)')))"}, {"source_id": 3409, "title": "\"СИСАЙД\" домики", "error": "HTTPSConnectionPool(host='chnyazvybzzryduhgopa.supabase.co', port=443): Max retries exceeded with url: /rest/v1/listing_media?listing_id=eq.74 (Caused by SSLError(SSLEOFError(8, 'EOF occurred in violation of protocol (_ssl.c:1129)')))"}, {"source_id": 3449, "title": "\"СИЗОН\" гостевой дом", "error": "HTTPSConnectionPool(host='chnyazvybzzryduhgopa.supabase.co', port=443): Max retries exceeded with url: /rest/v1/listings?id=eq.78 (Caused by SSLError(SSLEOFError(8, 'EOF occurred in violation of protocol (_ssl.c:1129)')))"}, {"source_id": 3536, "title": "\"ЛЕОН\" домики", "error": "HTTPSConnectionPool(host='chnyazvybzzryduhgopa.supabase.co', port=443): Max retries exceeded with url: /rest/v1/listings?id=eq.83 (Caused by SSLError(SSLEOFError(8, 'EOF occurred in violation of protocol (_ssl.c:1129)')))"}, {"source_id": 3871, "title": "\"ЦАРСКОЕ СЕЛО АНХУА\" коттеджи", "error": "HTTPSConnectionPool(host='chnyazvybzzryduhgopa.supabase.co', port=443): Max retries exceeded with url: /rest/v1/listing_media?listing_id=eq.787 (Caused by SSLError(SSLEOFError(8, 'EOF occurred in violation of protocol (_ssl.c:1129)')))"}, {"source_id": 3891, "title": "\"СТАРЫЙ ПРИЧАЛ\" гостевой дом у моря", "error": "HTTPSConnectionPool(host='chnyazvybzzryduhgopa.supabase.co', port=443): Max retries exceeded with url: /rest/v1/listings?id=eq.788 (Caused by SSLError(SSLEOFError(8, 'EOF occurred in violation of protocol (_ssl.c:1129)')))"}]
[warn] Не обновились квартиры: [{"topic_id": 1294, "title": "\"КЛАССИКА\" квартира 3к📍Лдзаа", "error": "HTTPSConnectionPool(host='chnyazvybzzryduhgopa.supabase.co', port=443): Max retries exceeded with url: /rest/v1/listings?id=eq.119 (Caused by SSLError(SSLEOFError(8, 'EOF occurred in violation of protocol (_ssl.c:1129)')))"}, {"topic_id": 143, "title": "\"ПАРКОВАЯ\" квартира 2к📍 Сухум", "error": "HTTPSConnectionPool(host='chnyazvybzzryduhgopa.supabase.co', port=443): Max retries exceeded with url: /rest/v1/listings?id=eq.120 (Caused by SSLError(SSLEOFError(8, 'EOF occurred in violation of protocol (_ssl.c:1129)')))"}, {"topic_id": 7, "title": "\"МИЯ\" дом 📍Лдзаа", "error": "HTTPSConnectionPool(host='chnyazvybzzryduhgopa.supabase.co', port=443): Max retries exceeded with url: /rest/v1/listing_media?listing_id=eq.129 (Caused by SSLError(SSLEOFError(8, 'EOF occurred in violation of protocol (_ssl.c:1129)')))"}]
