Найдено объектов: hotels=119, kvartira=50
Обновлены отели: 10/119
[error] hotel materialize failed id=2801 title=""ГРАНТ" апартаменты": HTTPSConnectionPool(host='chnyazvybzzryduhgopa.supabase.co', port=443): Max retries exceeded with url: /rest/v1/listings?id=eq.19 (Caused by SSLError(SSLEOFError(8, 'EOF occurred in violation of protocol (_ssl.c:1129)')))
Обновлены отели: 20/119
Обновлены отели: 30/119
Обновлены отели: 40/119
[error] hotel materialize failed id=3094 title=""МИКА" гостевой дом эконом": HTTPSConnectionPool(host='chnyazvybzzryduhgopa.supabase.co', port=443): Max retries exceeded with url: /rest/v1/listings?id=eq.47 (Caused by SSLError(SSLEOFError(8, 'EOF occurred in violation of protocol (_ssl.c:1129)')))
[error] hotel materialize failed id=3104 title=""ГРИН ХАУС" домики": HTTPSConnectionPool(host='chnyazvybzzryduhgopa.supabase.co', port=443): Max retries exceeded with url: /rest/v1/listings?id=eq.48 (Caused by SSLError(SSLEOFError(8, 'EOF occurred in violation of protocol (_ssl.c:1129)')))
Обновлены отели: 50/119
[error] hotel materialize failed id=3171 title=""РИТА" домики и апартаменты с питанием": HTTPSConnectionPool(host='chnyazvybzzryduhgopa.supabase.co', port=443): Max retries exceeded with url: /rest/v1/listing_media (Caused by SSLError(SSLEOFError(8, 'EOF occurred in violation of protocol (_ssl.c:1129)')))
[error] hotel materialize failed id=3181 title=""АДУНЕЙ" гостевой дом": HTTPSConnectionPool(host='chnyazvybzzryduhgopa.supabase.co', port=443): Max retries exceeded with url: /rest/v1/listings?id=eq.56 (Caused by SSLError(SSLEOFError(8, 'EOF occurred in violation of protocol (_ssl.c:1129)')))
Обновлены отели: 60/119
[error] hotel materialize failed id=3372 title=""ТИС" коттеджи у заповедника": HTTPSConnectionPool(host='chnyazvybzzryduhgopa.supabase.co', port=443): Max retries exceeded with url: /rest/v1/listings?id=eq.71 (Caused by SSLError(SSLEOFError(8, 'EOF occurred in violation of protocol (_ssl.c:1129)')))
Обновлены отели: 70/119
Обновлены отели: 80/119
Обновлены отели: 90/119
Обновлены отели: 100/119
Обновлены отели: 110/119
Обновлены отели: 119/119
Обновлены квартиры: 10/50
Обновлены квартиры: 20/50
[error] kvartira materialize failed topic=769 title=""ФЛОРА" дом 📍Алахадзе": HTTPSConnectionPool(host='chnyazvybzzryduhgopa.supabase.co', port=443): Max retries exceeded with url: /rest/v1/listings?id=eq.131 (Caused by SSLError(SSLEOFError(8, 'EOF occurred in violation of protocol (_ssl.c:1129)')))
Обновлены квартиры: 30/50
Обновлены квартиры: 40/50
Обновлены квартиры: 50/50
{"hotels": 119, "kvartira": 50, "failed_hotels": 6, "failed_kvartira": 1, "deleted_hotels": 0, "deleted_kvartira": 0}
[warn] Не обновились отели: [{"source_id": 2801, "title": "\"ГРАНТ\" апартаменты", "error": "HTTPSConnectionPool(host='chnyazvybzzryduhgopa.supabase.co', port=443): Max retries exceeded with url: /rest/v1/listings?id=eq.19 (Caused by SSLError(SSLEOFError(8, 'EOF occurred in violation of protocol (_ssl.c:1129)')))"}, {"source_id": 3094, "title": "\"МИКА\" гостевой дом эконом", "error": "HTTPSConnectionPool(host='chnyazvybzzryduhgopa.supabase.co', port=443): Max retries exceeded with url: /rest/v1/listings?id=eq.47 (Caused by SSLError(SSLEOFError(8, 'EOF occurred in violation of protocol (_ssl.c:1129)')))"}, {"source_id": 3104, "title": "\"ГРИН ХАУС\" домики", "error": "HTTPSConnectionPool(host='chnyazvybzzryduhgopa.supabase.co', port=443): Max retries exceeded with url: /rest/v1/listings?id=eq.48 (Caused by SSLError(SSLEOFError(8, 'EOF occurred in violation of protocol (_ssl.c:1129)')))"}, {"source_id": 3171, "title": "\"РИТА\" домики и апартаменты с питанием", "error": "HTTPSConnectionPool(host='chnyazvybzzryduhgopa.supabase.co', port=443): Max retries exceeded with url: /rest/v1/listing_media (Caused by SSLError(SSLEOFError(8, 'EOF occurred in violation of protocol (_ssl.c:1129)')))"}, {"source_id": 3181, "title": "\"АДУНЕЙ\" гостевой дом", "error": "HTTPSConnectionPool(host='chnyazvybzzryduhgopa.supabase.co', port=443): Max retries exceeded with url: /rest/v1/listings?id=eq.56 (Caused by SSLError(SSLEOFError(8, 'EOF occurred in violation of protocol (_ssl.c:1129)')))"}, {"source_id": 3372, "title": "\"ТИС\" коттеджи у заповедника", "error": "HTTPSConnectionPool(host='chnyazvybzzryduhgopa.supabase.co', port=443): Max retries exceeded with url: /rest/v1/listings?id=eq.71 (Caused by SSLError(SSLEOFError(8, 'EOF occurred in violation of protocol (_ssl.c:1129)')))"}]
[warn] Не обновились квартиры: [{"topic_id": 769, "title": "\"ФЛОРА\" дом 📍Алахадзе", "error": "HTTPSConnectionPool(host='chnyazvybzzryduhgopa.supabase.co', port=443): Max retries exceeded with url: /rest/v1/listings?id=eq.131 (Caused by SSLError(SSLEOFError(8, 'EOF occurred in violation of protocol (_ssl.c:1129)')))"}]
