Найдено объектов: hotels=119, kvartira=50
Обновлены отели: 10/119
[error] hotel materialize failed id=2716 title=""ВИЛЛА ЛЮБОВЬ" выход из отеля сразу на пляж": HTTPSConnectionPool(host='chnyazvybzzryduhgopa.supabase.co', port=443): Max retries exceeded with url: /rest/v1/listings?id=eq.12 (Caused by SSLError(SSLEOFError(8, 'EOF occurred in violation of protocol (_ssl.c:1129)')))
Обновлены отели: 20/119
[error] hotel materialize failed id=2859 title=""КАСТЛ" отель с теплым бассейном и видом на море": HTTPSConnectionPool(host='chnyazvybzzryduhgopa.supabase.co', port=443): Max retries exceeded with url: /rest/v1/listings?id=eq.25 (Caused by SSLError(SSLEOFError(8, 'EOF occurred in violation of protocol (_ssl.c:1129)')))
Обновлены отели: 30/119
Обновлены отели: 40/119
[error] hotel materialize failed id=3153 title=""ГРЕЙ ХАУС" домики с бассейном": HTTPSConnectionPool(host='chnyazvybzzryduhgopa.supabase.co', port=443): Max retries exceeded with url: /rest/v1/listings?id=eq.53 (Caused by SSLError(SSLEOFError(8, 'EOF occurred in violation of protocol (_ssl.c:1129)')))
[error] hotel materialize failed id=3162 title=""ФЬЮЖН" три домика с лаунж-зоной": HTTPSConnectionPool(host='chnyazvybzzryduhgopa.supabase.co', port=443): Max retries exceeded with url: /rest/v1/listings?id=eq.54 (Caused by SSLError(SSLEOFError(8, 'EOF occurred in violation of protocol (_ssl.c:1129)')))
Обновлены отели: 60/119
[error] hotel materialize failed id=3372 title=""ТИС" коттеджи у заповедника": HTTPSConnectionPool(host='chnyazvybzzryduhgopa.supabase.co', port=443): Max retries exceeded with url: /rest/v1/listings?id=eq.71 (Caused by SSLError(SSLEOFError(8, 'EOF occurred in violation of protocol (_ssl.c:1129)')))
Обновлены отели: 70/119
Обновлены отели: 80/119
Обновлены отели: 90/119
Обновлены отели: 100/119
Обновлены отели: 110/119
Обновлены отели: 119/119
Обновлены квартиры: 10/50
Обновлены квартиры: 20/50
Обновлены квартиры: 30/50
Обновлены квартиры: 40/50
Обновлены квартиры: 50/50
{"hotels": 119, "kvartira": 50, "failed_hotels": 5, "failed_kvartira": 0, "deleted_hotels": 0, "deleted_kvartira": 0}
[warn] Не обновились отели: [{"source_id": 2716, "title": "\"ВИЛЛА ЛЮБОВЬ\" выход из отеля сразу на пляж", "error": "HTTPSConnectionPool(host='chnyazvybzzryduhgopa.supabase.co', port=443): Max retries exceeded with url: /rest/v1/listings?id=eq.12 (Caused by SSLError(SSLEOFError(8, 'EOF occurred in violation of protocol (_ssl.c:1129)')))"}, {"source_id": 2859, "title": "\"КАСТЛ\" отель с теплым бассейном и видом на море", "error": "HTTPSConnectionPool(host='chnyazvybzzryduhgopa.supabase.co', port=443): Max retries exceeded with url: /rest/v1/listings?id=eq.25 (Caused by SSLError(SSLEOFError(8, 'EOF occurred in violation of protocol (_ssl.c:1129)')))"}, {"source_id": 3153, "title": "\"ГРЕЙ ХАУС\" домики с бассейном", "error": "HTTPSConnectionPool(host='chnyazvybzzryduhgopa.supabase.co', port=443): Max retries exceeded with url: /rest/v1/listings?id=eq.53 (Caused by SSLError(SSLEOFError(8, 'EOF occurred in violation of protocol (_ssl.c:1129)')))"}, {"source_id": 3162, "title": "\"ФЬЮЖН\" три домика с лаунж-зоной", "error": "HTTPSConnectionPool(host='chnyazvybzzryduhgopa.supabase.co', port=443): Max retries exceeded with url: /rest/v1/listings?id=eq.54 (Caused by SSLError(SSLEOFError(8, 'EOF occurred in violation of protocol (_ssl.c:1129)')))"}, {"source_id": 3372, "title": "\"ТИС\" коттеджи у заповедника", "error": "HTTPSConnectionPool(host='chnyazvybzzryduhgopa.supabase.co', port=443): Max retries exceeded with url: /rest/v1/listings?id=eq.71 (Caused by SSLError(SSLEOFError(8, 'EOF occurred in violation of protocol (_ssl.c:1129)')))"}]
