Найдено объектов: hotels=137, kvartira=52
Обновлены отели: 10/137
Обновлены отели: 20/137
Обновлены отели: 30/137
Обновлены отели: 40/137
[error] hotel materialize failed id=3153 title=""ГРЕЙ ХАУС" домики с бассейном": Request was unsuccessful 6 time(s)
Обновлены отели: 60/137
Обновлены отели: 70/137
Обновлены отели: 80/137
Обновлены отели: 90/137
Обновлены отели: 100/137
Обновлены отели: 110/137
Обновлены отели: 120/137
Обновлены отели: 130/137
Обновлены отели: 137/137
Обновлены квартиры: 10/52
Обновлены квартиры: 20/52
Обновлены квартиры: 30/52
Обновлены квартиры: 40/52
Обновлены квартиры: 50/52
Обновлены квартиры: 52/52
{"hotels": 137, "kvartira": 52, "failed_hotels": 1, "failed_kvartira": 0, "deleted_hotels": 0, "deleted_kvartira": 0}
[warn] Не обновились отели: [{"source_id": 3153, "title": "\"ГРЕЙ ХАУС\" домики с бассейном", "error": "Request was unsuccessful 6 time(s)"}]
