/Users/darya_botova/Library/Python/3.9/lib/python/site-packages/urllib3/__init__.py:35: NotOpenSSLWarning: urllib3 v2 only supports OpenSSL 1.1.1+, currently the 'ssl' module is compiled with 'LibreSSL 2.8.3'. See: https://github.com/urllib3/urllib3/issues/3020
  warnings.warn(
/Users/darya_botova/Library/Python/3.9/lib/python/site-packages/google/oauth2/__init__.py:40: FutureWarning: You are using a Python version 3.9 past its end of life. Google will update google-auth with critical bug fixes on a best-effort basis, but not with any other fixes or features. Please upgrade your Python version, and then update google-auth.
  warnings.warn(eol_message.format("3.9"), FutureWarning)
/Users/darya_botova/Library/Python/3.9/lib/python/site-packages/google/auth/__init__.py:54: FutureWarning: You are using a Python version 3.9 past its end of life. Google will update google-auth with critical bug fixes on a best-effort basis, but not with any other fixes or features. Please upgrade your Python version, and then update google-auth.
  warnings.warn(eol_message.format("3.9"), FutureWarning)
/Users/darya_botova/Library/Python/3.9/lib/python/site-packages/google/api_core/_python_version_support.py:246: FutureWarning: You are using a non-supported Python version (3.9.6). Google will not post any further updates to google.api_core supporting this Python version. Please upgrade to the latest Python version, or at least Python 3.10, and then update google.api_core.
  warnings.warn(message, FutureWarning)
Найдено объектов: hotels=154, kvartira=58
Обновлены отели: 10/154
Обновлены отели: 20/154
Cannot get difference for channel 3307282474 since the account is likely misusing the session: database is locked
Unhandled exception from keepalive_handle after cancelling <class '_asyncio.Task'> (<Task finished name='Task-8' coro=<UpdateMethods._keepalive_loop() done, defined at /Users/darya_botova/Library/Python/3.9/lib/python/site-packages/telethon/client/updates.py:516> exception=OperationalError('database is locked')>)
Traceback (most recent call last):
  File "/Users/darya_botova/Documents/GitHub/lending_pervyi/scripts/sync_catalog_from_telegram.py", line 1412, in main
    result = await materialize_object(client, supa, matched_row, obj, slug_pool)
  File "/Users/darya_botova/Documents/GitHub/lending_pervyi/scripts/sync_catalog_from_telegram.py", line 1193, in materialize_object
    downloaded = await download_message_media(client, msg, source_file)
  File "/Users/darya_botova/Documents/GitHub/lending_pervyi/scripts/sync_catalog_from_telegram.py", line 889, in download_message_media
    result = await client.download_media(message, file=str(destination))
  File "/Users/darya_botova/Library/Python/3.9/lib/python/site-packages/telethon/client/downloads.py", line 441, in download_media
    return await self._download_document(
  File "/Users/darya_botova/Library/Python/3.9/lib/python/site-packages/telethon/client/downloads.py", line 932, in _download_document
    result = await self._download_file(
  File "/Users/darya_botova/Library/Python/3.9/lib/python/site-packages/telethon/client/downloads.py", line 566, in _download_file
    async for chunk in self._iter_download(
  File "/Users/darya_botova/Library/Python/3.9/lib/python/site-packages/telethon/requestiter.py", line 74, in __anext__
    if await self._load_next_chunk():
  File "/Users/darya_botova/Library/Python/3.9/lib/python/site-packages/telethon/client/downloads.py", line 79, in _load_next_chunk
    cur = await self._request()
  File "/Users/darya_botova/Library/Python/3.9/lib/python/site-packages/telethon/client/downloads.py", line 89, in _request
    result = await self._client._call(self._sender, self.request)
  File "/Users/darya_botova/Library/Python/3.9/lib/python/site-packages/telethon/client/users.py", line 92, in _call
    result = await future
asyncio.exceptions.CancelledError

During handling of the above exception, another exception occurred:

Traceback (most recent call last):
  File "/Library/Developer/CommandLineTools/Library/Frameworks/Python3.framework/Versions/3.9/lib/python3.9/asyncio/runners.py", line 44, in run
    return loop.run_until_complete(main)
  File "/Library/Developer/CommandLineTools/Library/Frameworks/Python3.framework/Versions/3.9/lib/python3.9/asyncio/base_events.py", line 642, in run_until_complete
    return future.result()
asyncio.exceptions.CancelledError

During handling of the above exception, another exception occurred:

Traceback (most recent call last):
  File "/Users/darya_botova/Library/Python/3.9/lib/python/site-packages/telethon/helpers.py", line 176, in _cancel
    await task
  File "/Users/darya_botova/Library/Python/3.9/lib/python/site-packages/telethon/client/updates.py", line 552, in _keepalive_loop
    await self._save_states_and_entities()
  File "/Users/darya_botova/Library/Python/3.9/lib/python/site-packages/telethon/client/telegrambaseclient.py", line 709, in _save_states_and_entities
    self.session.process_entities(
  File "/Users/darya_botova/Library/Python/3.9/lib/python/site-packages/telethon/sessions/sqlite.py", line 318, in process_entities
    c.executemany(
sqlite3.OperationalError: database is locked
unhandled exception during asyncio.run() shutdown
task: <Task finished name='Task-1350' coro=<TelegramBaseClient._disconnect_coro() done, defined at /Users/darya_botova/Library/Python/3.9/lib/python/site-packages/telethon/client/telegrambaseclient.py:724> exception=OperationalError('database is locked')>
Traceback (most recent call last):
  File "/Users/darya_botova/Documents/GitHub/lending_pervyi/scripts/sync_catalog_from_telegram.py", line 1412, in main
    result = await materialize_object(client, supa, matched_row, obj, slug_pool)
  File "/Users/darya_botova/Documents/GitHub/lending_pervyi/scripts/sync_catalog_from_telegram.py", line 1193, in materialize_object
    downloaded = await download_message_media(client, msg, source_file)
  File "/Users/darya_botova/Documents/GitHub/lending_pervyi/scripts/sync_catalog_from_telegram.py", line 889, in download_message_media
    result = await client.download_media(message, file=str(destination))
  File "/Users/darya_botova/Library/Python/3.9/lib/python/site-packages/telethon/client/downloads.py", line 441, in download_media
    return await self._download_document(
  File "/Users/darya_botova/Library/Python/3.9/lib/python/site-packages/telethon/client/downloads.py", line 932, in _download_document
    result = await self._download_file(
  File "/Users/darya_botova/Library/Python/3.9/lib/python/site-packages/telethon/client/downloads.py", line 566, in _download_file
    async for chunk in self._iter_download(
  File "/Users/darya_botova/Library/Python/3.9/lib/python/site-packages/telethon/requestiter.py", line 74, in __anext__
    if await self._load_next_chunk():
  File "/Users/darya_botova/Library/Python/3.9/lib/python/site-packages/telethon/client/downloads.py", line 79, in _load_next_chunk
    cur = await self._request()
  File "/Users/darya_botova/Library/Python/3.9/lib/python/site-packages/telethon/client/downloads.py", line 89, in _request
    result = await self._client._call(self._sender, self.request)
  File "/Users/darya_botova/Library/Python/3.9/lib/python/site-packages/telethon/client/users.py", line 92, in _call
    result = await future
asyncio.exceptions.CancelledError

During handling of the above exception, another exception occurred:

Traceback (most recent call last):
  File "/Library/Developer/CommandLineTools/Library/Frameworks/Python3.framework/Versions/3.9/lib/python3.9/asyncio/runners.py", line 44, in run
    return loop.run_until_complete(main)
  File "/Library/Developer/CommandLineTools/Library/Frameworks/Python3.framework/Versions/3.9/lib/python3.9/asyncio/base_events.py", line 642, in run_until_complete
    return future.result()
asyncio.exceptions.CancelledError

During handling of the above exception, another exception occurred:

Traceback (most recent call last):
  File "/Users/darya_botova/Library/Python/3.9/lib/python/site-packages/telethon/client/telegrambaseclient.py", line 754, in _disconnect_coro
    await self._save_states_and_entities()
  File "/Users/darya_botova/Library/Python/3.9/lib/python/site-packages/telethon/client/telegrambaseclient.py", line 709, in _save_states_and_entities
    self.session.process_entities(
  File "/Users/darya_botova/Library/Python/3.9/lib/python/site-packages/telethon/sessions/sqlite.py", line 318, in process_entities
    c.executemany(
sqlite3.OperationalError: database is locked
Traceback (most recent call last):
  File "/Users/darya_botova/Documents/GitHub/lending_pervyi/scripts/sync_catalog_from_telegram.py", line 1412, in main
    result = await materialize_object(client, supa, matched_row, obj, slug_pool)
  File "/Users/darya_botova/Documents/GitHub/lending_pervyi/scripts/sync_catalog_from_telegram.py", line 1193, in materialize_object
    downloaded = await download_message_media(client, msg, source_file)
  File "/Users/darya_botova/Documents/GitHub/lending_pervyi/scripts/sync_catalog_from_telegram.py", line 889, in download_message_media
    result = await client.download_media(message, file=str(destination))
  File "/Users/darya_botova/Library/Python/3.9/lib/python/site-packages/telethon/client/downloads.py", line 441, in download_media
    return await self._download_document(
  File "/Users/darya_botova/Library/Python/3.9/lib/python/site-packages/telethon/client/downloads.py", line 932, in _download_document
    result = await self._download_file(
  File "/Users/darya_botova/Library/Python/3.9/lib/python/site-packages/telethon/client/downloads.py", line 566, in _download_file
    async for chunk in self._iter_download(
  File "/Users/darya_botova/Library/Python/3.9/lib/python/site-packages/telethon/requestiter.py", line 74, in __anext__
    if await self._load_next_chunk():
  File "/Users/darya_botova/Library/Python/3.9/lib/python/site-packages/telethon/client/downloads.py", line 79, in _load_next_chunk
    cur = await self._request()
  File "/Users/darya_botova/Library/Python/3.9/lib/python/site-packages/telethon/client/downloads.py", line 89, in _request
    result = await self._client._call(self._sender, self.request)
  File "/Users/darya_botova/Library/Python/3.9/lib/python/site-packages/telethon/client/users.py", line 92, in _call
    result = await future
asyncio.exceptions.CancelledError

During handling of the above exception, another exception occurred:

Traceback (most recent call last):
  File "/Users/darya_botova/Documents/GitHub/lending_pervyi/scripts/sync_catalog_from_telegram.py", line 1518, in <module>
    asyncio.run(main())
  File "/Library/Developer/CommandLineTools/Library/Frameworks/Python3.framework/Versions/3.9/lib/python3.9/asyncio/runners.py", line 44, in run
    return loop.run_until_complete(main)
  File "/Library/Developer/CommandLineTools/Library/Frameworks/Python3.framework/Versions/3.9/lib/python3.9/asyncio/base_events.py", line 642, in run_until_complete
    return future.result()
asyncio.exceptions.CancelledError
